Tue Jan  7 18:03:14 2020 : 哈哈
Tue Jan  7 18:03:27 2020 : 客户端错误
Tue Jan  7 18:03:32 2020 : 客户端错误
Tue Jan  7 18:03:35 2020 : 客户端错误
Tue Jan 14 20:58:39 2020 : sdkf
Tue Jan 14 20:58:54 2020 : dsa
驱车布鱼肉